[INFO] Scanning for projects...
[INFO] 
[INFO] ----------------------< com.manifest:concurrency >----------------------
[INFO] Building  0.0.1-SNAPSHOT
[INFO]   from pom.xml
[INFO] --------------------------------[ jar ]---------------------------------
[INFO] 
[INFO] >>> spring-boot:4.0.7:run (default-cli) > test-compile @ concurrency >>>
[INFO] 
[INFO] --- resources:3.3.1:resources (default-resources) @ concurrency ---
[INFO] Copying 1 resource from src\main\resources to target\classes
[INFO] Copying 2 resources from src\main\resources to target\classes
[INFO] 
[INFO] --- compiler:3.14.1:compile (default-compile) @ concurrency ---
[INFO] Nothing to compile - all classes are up to date.
[INFO] 
[INFO] --- resources:3.3.1:testResources (default-testResources) @ concurrency ---
[INFO] skip non existing resourceDirectory C:\Users\munev\Desktop\manifest-pricesim\src\test\resources
[INFO] 
[INFO] --- compiler:3.14.1:testCompile (default-testCompile) @ concurrency ---
[INFO] Nothing to compile - all classes are up to date.
[INFO] 
[INFO] <<< spring-boot:4.0.7:run (default-cli) < test-compile @ concurrency <<<
[INFO] 
[INFO] 
[INFO] --- spring-boot:4.0.7:run (default-cli) @ concurrency ---
[INFO] Attaching agents: []

  .   ____          _            __ _ _
 /\\ / ___'_ __ _ _(_)_ __  __ _ \ \ \ \
( ( )\___ | '_ | '_| | '_ \/ _` | \ \ \ \
 \\/  ___)| |_)| | | | | || (_| |  ) ) ) )
  '  |____| .__|_| |_|_| |_\__, | / / / /
 =========|_|==============|___/=/_/_/_/

 :: Spring Boot ::                (v4.0.7)

2026-07-18T18:41:38.358+03:00  INFO 22344 --- [concurrency] [           main] c.m.concurrency.ConcurrencyApplication   : Starting ConcurrencyApplication using Java 21.0.6 with PID 22344 (C:\Users\munev\Desktop\manifest-pricesim\target\classes started by munev in C:\Users\munev\Desktop\manifest-pricesim)
2026-07-18T18:41:38.365+03:00  INFO 22344 --- [concurrency] [           main] c.m.concurrency.ConcurrencyApplication   : No active profile set, falling back to 1 default profile: "default"
2026-07-18T18:41:40.161+03:00  INFO 22344 --- [concurrency] [           main] o.s.boot.tomcat.TomcatWebServer          : Tomcat initialized with port 8081 (http)
2026-07-18T18:41:40.191+03:00  INFO 22344 --- [concurrency] [           main] o.apache.catalina.core.StandardService   : Starting service [Tomcat]
2026-07-18T18:41:40.192+03:00  INFO 22344 --- [concurrency] [           main] o.apache.catalina.core.StandardEngine    : Starting Servlet engine: [Apache Tomcat/11.0.22]
2026-07-18T18:41:40.319+03:00  INFO 22344 --- [concurrency] [           main] b.w.c.s.WebApplicationContextInitializer : Root WebApplicationContext: initialization completed in 1852 ms
2026-07-18T18:41:41.538+03:00  INFO 22344 --- [concurrency] [           main] o.s.boot.tomcat.TomcatWebServer          : Tomcat started on port 8081 (http) with context path '/'
2026-07-18T18:41:41.551+03:00  INFO 22344 --- [concurrency] [           main] c.m.concurrency.ConcurrencyApplication   : Started ConcurrencyApplication in 3.836 seconds (process running for 4.418)
2026-07-18T18:41:41.557+03:00  WARN 22344 --- [concurrency] [           main] o.s.core.events.SpringDocAppInitializer  : SpringDoc /v3/api-docs endpoint is enabled by default. To disable it in production, set the property 'springdoc.api-docs.enabled=false'
2026-07-18T18:41:41.558+03:00  WARN 22344 --- [concurrency] [           main] o.s.core.events.SpringDocAppInitializer  : SpringDoc /swagger-ui.html endpoint is enabled by default. To disable it in production, set the property 'springdoc.swagger-ui.enabled=false'
