[INFO] Scanning for projects...
[INFO] 
[INFO] ----------------------< com.manifest:concurrency >----------------------
[INFO] Building  0.0.1-SNAPSHOT
[INFO]   from pom.xml
[INFO] --------------------------------[ jar ]---------------------------------
[INFO] 
[INFO] >>> spring-boot:4.0.7:run (default-cli) > test-compile @ concurrency >>>
[INFO] 
[INFO] --- resources:3.3.1:resources (default-resources) @ concurrency ---
[INFO] Copying 1 resource from src\main\resources to target\classes
[INFO] Copying 2 resources from src\main\resources to target\classes
[INFO] 
[INFO] --- compiler:3.14.1:compile (default-compile) @ concurrency ---
[INFO] Nothing to compile - all classes are up to date.
[INFO] 
[INFO] --- resources:3.3.1:testResources (default-testResources) @ concurrency ---
[INFO] skip non existing resourceDirectory C:\Users\munev\Desktop\manifest-pricesim\src\test\resources
[INFO] 
[INFO] --- compiler:3.14.1:testCompile (default-testCompile) @ concurrency ---
[INFO] Nothing to compile - all classes are up to date.
[INFO] 
[INFO] <<< spring-boot:4.0.7:run (default-cli) < test-compile @ concurrency <<<
[INFO] 
[INFO] 
[INFO] --- spring-boot:4.0.7:run (default-cli) @ concurrency ---
[INFO] Attaching agents: []

  .   ____          _            __ _ _
 /\\ / ___'_ __ _ _(_)_ __  __ _ \ \ \ \
( ( )\___ | '_ | '_| | '_ \/ _` | \ \ \ \
 \\/  ___)| |_)| | | | | || (_| |  ) ) ) )
  '  |____| .__|_| |_|_| |_\__, | / / / /
 =========|_|==============|___/=/_/_/_/

 :: Spring Boot ::                (v4.0.7)

2026-07-18T18:40:59.272+03:00  INFO 20700 --- [concurrency] [           main] c.m.concurrency.ConcurrencyApplication   : Starting ConcurrencyApplication using Java 21.0.6 with PID 20700 (C:\Users\munev\Desktop\manifest-pricesim\target\classes started by munev in C:\Users\munev\Desktop\manifest-pricesim)
2026-07-18T18:40:59.278+03:00  INFO 20700 --- [concurrency] [           main] c.m.concurrency.ConcurrencyApplication   : No active profile set, falling back to 1 default profile: "default"
2026-07-18T18:41:00.734+03:00  INFO 20700 --- [concurrency] [           main] o.s.boot.tomcat.TomcatWebServer          : Tomcat initialized with port 8080 (http)
2026-07-18T18:41:00.757+03:00  INFO 20700 --- [concurrency] [           main] o.apache.catalina.core.StandardService   : Starting service [Tomcat]
2026-07-18T18:41:00.758+03:00  INFO 20700 --- [concurrency] [           main] o.apache.catalina.core.StandardEngine    : Starting Servlet engine: [Apache Tomcat/11.0.22]
2026-07-18T18:41:00.833+03:00  INFO 20700 --- [concurrency] [           main] b.w.c.s.WebApplicationContextInitializer : Root WebApplicationContext: initialization completed in 1476 ms
2026-07-18T18:41:01.771+03:00  WARN 20700 --- [concurrency] [           main] ConfigServletWebServerApplicationContext : Exception encountered during context initialization - cancelling refresh attempt: org.springframework.context.ApplicationContextException: Failed to start bean 'webServerStartStop'
2026-07-18T18:41:01.793+03:00  INFO 20700 --- [concurrency] [           main] .s.b.a.l.ConditionEvaluationReportLogger : 

Error starting ApplicationContext. To display the condition evaluation report re-run your application with 'debug' enabled.
2026-07-18T18:41:01.815+03:00 ERROR 20700 --- [concurrency] [           main] o.s.b.d.LoggingFailureAnalysisReporter   : 

***************************
APPLICATION FAILED TO START
***************************

Description:

Web server failed to start. Port 8080 was already in use.

Action:

Identify and stop the process that's listening on port 8080 or configure this application to listen on another port.

[INFO] ------------------------------------------------------------------------
[INFO] BUILD FAILURE
[INFO] ------------------------------------------------------------------------
[INFO] Total time:  6.886 s
[INFO] Finished at: 2026-07-18T18:41:01+03:00
[INFO] ------------------------------------------------------------------------
[ERROR] Failed to execute goal org.springframework.boot:spring-boot-maven-plugin:4.0.7:run (default-cli) on project concurrency: Process terminated with exit code: 1 -> [Help 1]
[ERROR] 
[ERROR] To see the full stack trace of the errors, re-run Maven with the -e switch.
[ERROR] Re-run Maven using the -X switch to enable full debug logging.
[ERROR] 
[ERROR] For more information about the errors and possible solutions, please read the following articles:
[ERROR] [Help 1] http://cwiki.apache.org/confluence/display/MAVEN/MojoExecutionException
